Archive member included to satisfy reference by file (symbol)

c:/program files (x86)/gnu tools arm embedded/8 2018-q4-major/bin/../lib/gcc/arm-none-eabi/8.2.1/../../../../arm-none-eabi/lib/thumb/v7e-m+fp/softfp\libc.a(lib_a-memcpy.o)
                              ..\obj\queue.o (memcpy)
c:/program files (x86)/gnu tools arm embedded/8 2018-q4-major/bin/../lib/gcc/arm-none-eabi/8.2.1/../../../../arm-none-eabi/lib/thumb/v7e-m+fp/softfp\libc.a(lib_a-memset.o)
                              ..\obj\heap_4.o (memset)

Discarded input sections

 .text          0x00000000        0x0 ..\obj\heap_4.o
 .data          0x00000000        0x0 ..\obj\heap_4.o
 .rodata        0x00000000        0x4 ..\obj\heap_4.o
 .text.xPortGetFreeHeapSize
                0x00000000       0x18 ..\obj\heap_4.o
 .text.xPortGetMinimumEverFreeHeapSize
                0x00000000       0x18 ..\obj\heap_4.o
 .text.vPortInitialiseBlocks
                0x00000000        0xe ..\obj\heap_4.o
 .text.pvPortCalloc
                0x00000000       0x60 ..\obj\heap_4.o
 .text.vPortGetHeapStats
                0x00000000       0xbc ..\obj\heap_4.o
 .text.vPortHeapResetState
                0x00000000       0x40 ..\obj\heap_4.o
 .text          0x00000000        0x0 ..\obj\stm32f4xx_syscfg.o
 .data          0x00000000        0x0 ..\obj\stm32f4xx_syscfg.o
 .bss           0x00000000        0x0 ..\obj\stm32f4xx_syscfg.o
 .text.SYSCFG_DeInit
                0x00000000       0x1c ..\obj\stm32f4xx_syscfg.o
 .text.SYSCFG_MemoryRemapConfig
                0x00000000       0x20 ..\obj\stm32f4xx_syscfg.o
 .text.SYSCFG_EXTILineConfig
                0x00000000       0x84 ..\obj\stm32f4xx_syscfg.o
 .text.SYSCFG_ETH_MediaInterfaceConfig
                0x00000000       0x20 ..\obj\stm32f4xx_syscfg.o
 .text.SYSCFG_CompensationCellCmd
                0x00000000       0x20 ..\obj\stm32f4xx_syscfg.o
 .text.SYSCFG_GetCompensationCellStatus
                0x00000000       0x34 ..\obj\stm32f4xx_syscfg.o
 .debug_info    0x00000000      0x29e ..\obj\stm32f4xx_syscfg.o
 .debug_abbrev  0x00000000      0x164 ..\obj\stm32f4xx_syscfg.o
 .debug_aranges
                0x00000000       0x48 ..\obj\stm32f4xx_syscfg.o
 .debug_ranges  0x00000000       0x38 ..\obj\stm32f4xx_syscfg.o
 .debug_line    0x00000000      0x26c ..\obj\stm32f4xx_syscfg.o
 .debug_str     0x00000000      0x341 ..\obj\stm32f4xx_syscfg.o
 .comment       0x00000000       0x76 ..\obj\stm32f4xx_syscfg.o
 .debug_frame   0x00000000       0xf4 ..\obj\stm32f4xx_syscfg.o
 .ARM.attributes
                0x00000000       0x32 ..\obj\stm32f4xx_syscfg.o
 .text          0x00000000        0x0 ..\obj\stm32f4xx_usart.o
 .data          0x00000000        0x0 ..\obj\stm32f4xx_usart.o
 .bss           0x00000000        0x0 ..\obj\stm32f4xx_usart.o
 .text.USART_DeInit
                0x00000000       0xd4 ..\obj\stm32f4xx_usart.o
 .text.USART_Init
                0x00000000      0x174 ..\obj\stm32f4xx_usart.o
 .text.USART_StructInit
                0x00000000       0x3a ..\obj\stm32f4xx_usart.o
 .text.USART_ClockInit
                0x00000000       0x56 ..\obj\stm32f4xx_usart.o
 .text.USART_ClockStructInit
                0x00000000       0x2c ..\obj\stm32f4xx_usart.o
 .text.USART_Cmd
                0x00000000       0x40 ..\obj\stm32f4xx_usart.o
 .text.USART_SetPrescaler
                0x00000000       0x3a ..\obj\stm32f4xx_usart.o
 .text.USART_OverSampling8Cmd
                0x00000000       0x44 ..\obj\stm32f4xx_usart.o
 .text.USART_OneBitMethodCmd
                0x00000000       0x40 ..\obj\stm32f4xx_usart.o
 .text.USART_SendData
                0x00000000       0x24 ..\obj\stm32f4xx_usart.o
 .text.USART_ReceiveData
                0x00000000       0x20 ..\obj\stm32f4xx_usart.o
 .text.USART_SetAddress
                0x00000000       0x3a ..\obj\stm32f4xx_usart.o
 .text.USART_ReceiverWakeUpCmd
                0x00000000       0x40 ..\obj\stm32f4xx_usart.o
 .text.USART_WakeUpConfig
                0x00000000       0x38 ..\obj\stm32f4xx_usart.o
 .text.USART_LINBreakDetectLengthConfig
                0x00000000       0x38 ..\obj\stm32f4xx_usart.o
 .text.USART_LINCmd
                0x00000000       0x40 ..\obj\stm32f4xx_usart.o
 .text.USART_SendBreak
                0x00000000       0x24 ..\obj\stm32f4xx_usart.o
 .text.USART_HalfDuplexCmd
                0x00000000       0x40 ..\obj\stm32f4xx_usart.o
 .text.USART_SetGuardTime
                0x00000000       0x3c ..\obj\stm32f4xx_usart.o
 .text.USART_SmartCardCmd
                0x00000000       0x40 ..\obj\stm32f4xx_usart.o
 .text.USART_SmartCardNACKCmd
                0x00000000       0x40 ..\obj\stm32f4xx_usart.o
 .text.USART_IrDAConfig
                0x00000000       0x38 ..\obj\stm32f4xx_usart.o
 .text.USART_IrDACmd
                0x00000000       0x40 ..\obj\stm32f4xx_usart.o
 .text.USART_DMACmd
                0x00000000       0x48 ..\obj\stm32f4xx_usart.o
 .text.USART_ITConfig
                0x00000000       0x90 ..\obj\stm32f4xx_usart.o
 .text.USART_GetFlagStatus
                0x00000000       0x38 ..\obj\stm32f4xx_usart.o
 .text.USART_ClearFlag
                0x00000000       0x22 ..\obj\stm32f4xx_usart.o
 .text.USART_GetITStatus
                0x00000000       0xb6 ..\obj\stm32f4xx_usart.o
 .text.USART_ClearITPendingBit
                0x00000000       0x3a ..\obj\stm32f4xx_usart.o
 .debug_info    0x00000000      0xa68 ..\obj\stm32f4xx_usart.o
 .debug_abbrev  0x00000000      0x1a8 ..\obj\stm32f4xx_usart.o
 .debug_aranges
                0x00000000      0x100 ..\obj\stm32f4xx_usart.o
 .debug_ranges  0x00000000       0xf0 ..\obj\stm32f4xx_usart.o
 .debug_line    0x00000000      0x717 ..\obj\stm32f4xx_usart.o
 .debug_str     0x00000000      0x6dc ..\obj\stm32f4xx_usart.o
 .comment       0x00000000       0x76 ..\obj\stm32f4xx_usart.o
 .debug_frame   0x00000000      0x490 ..\obj\stm32f4xx_usart.o
 .ARM.attributes
                0x00000000       0x32 ..\obj\stm32f4xx_usart.o
 .text          0x00000000        0x0 ..\obj\startup_stm32f4xx.o
 .data          0x00000000        0x0 ..\obj\startup_stm32f4xx.o
 .bss           0x00000000        0x0 ..\obj\startup_stm32f4xx.o
 .text          0x00000000        0x0 ..\obj\main.o
 .data          0x00000000        0x0 ..\obj\main.o
 .bss           0x00000000        0x0 ..\obj\main.o
 .text.delay    0x00000000       0x20 ..\obj\main.o
 .text          0x00000000        0x0 ..\obj\stm32f4xx_rcc.o
 .data          0x00000000       0x10 ..\obj\stm32f4xx_rcc.o
 .bss           0x00000000        0x0 ..\obj\stm32f4xx_rcc.o
 .text.RCC_DeInit
                0x00000000       0x50 ..\obj\stm32f4xx_rcc.o
 .text.RCC_HSEConfig
                0x00000000       0x28 ..\obj\stm32f4xx_rcc.o
 .text.RCC_WaitForHSEStartUp
                0x00000000       0x50 ..\obj\stm32f4xx_rcc.o
 .text.RCC_AdjustHSICalibrationValue
                0x00000000       0x3c ..\obj\stm32f4xx_rcc.o
 .text.RCC_HSICmd
                0x00000000       0x20 ..\obj\stm32f4xx_rcc.o
 .text.RCC_LSEConfig
                0x00000000       0x44 ..\obj\stm32f4xx_rcc.o
 .text.RCC_LSICmd
                0x00000000       0x20 ..\obj\stm32f4xx_rcc.o
 .text.RCC_PLLConfig
                0x00000000       0x40 ..\obj\stm32f4xx_rcc.o
 .text.RCC_PLLCmd
                0x00000000       0x20 ..\obj\stm32f4xx_rcc.o
 .text.RCC_PLLI2SConfig
                0x00000000       0x2c ..\obj\stm32f4xx_rcc.o
 .text.RCC_PLLI2SCmd
                0x00000000       0x20 ..\obj\stm32f4xx_rcc.o
 .text.RCC_ClockSecuritySystemCmd
                0x00000000       0x20 ..\obj\stm32f4xx_rcc.o
 .text.RCC_MCO1Config
                0x00000000       0x40 ..\obj\stm32f4xx_rcc.o
 .text.RCC_MCO2Config
                0x00000000       0x40 ..\obj\stm32f4xx_rcc.o
 .text.RCC_SYSCLKConfig
                0x00000000       0x38 ..\obj\stm32f4xx_rcc.o
 .text.RCC_GetSYSCLKSource
                0x00000000       0x20 ..\obj\stm32f4xx_rcc.o
 .text.RCC_HCLKConfig
                0x00000000       0x38 ..\obj\stm32f4xx_rcc.o
 .text.RCC_PCLK1Config
                0x00000000       0x38 ..\obj\stm32f4xx_rcc.o
 .text.RCC_PCLK2Config
                0x00000000       0x3c ..\obj\stm32f4xx_rcc.o
 .text.RCC_GetClocksFreq
                0x00000000      0x154 ..\obj\stm32f4xx_rcc.o
 .text.RCC_RTCCLKConfig
                0x00000000       0x5c ..\obj\stm32f4xx_rcc.o
 .text.RCC_RTCCLKCmd
                0x00000000       0x20 ..\obj\stm32f4xx_rcc.o
 .text.RCC_BackupResetCmd
                0x00000000       0x20 ..\obj\stm32f4xx_rcc.o
 .text.RCC_I2SCLKConfig
                0x00000000       0x20 ..\obj\stm32f4xx_rcc.o
 .text.RCC_AHB2PeriphClockCmd
                0x00000000       0x40 ..\obj\stm32f4xx_rcc.o
 .text.RCC_AHB3PeriphClockCmd
                0x00000000       0x40 ..\obj\stm32f4xx_rcc.o
 .text.RCC_APB1PeriphClockCmd
                0x00000000       0x40 ..\obj\stm32f4xx_rcc.o
 .text.RCC_APB2PeriphClockCmd
                0x00000000       0x40 ..\obj\stm32f4xx_rcc.o
 .text.RCC_AHB1PeriphResetCmd
                0x00000000       0x40 ..\obj\stm32f4xx_rcc.o
 .text.RCC_AHB2PeriphResetCmd
                0x00000000       0x40 ..\obj\stm32f4xx_rcc.o
 .text.RCC_AHB3PeriphResetCmd
                0x00000000       0x40 ..\obj\stm32f4xx_rcc.o
 .text.RCC_APB1PeriphResetCmd
                0x00000000       0x40 ..\obj\stm32f4xx_rcc.o
 .text.RCC_APB2PeriphResetCmd
                0x00000000       0x40 ..\obj\stm32f4xx_rcc.o
 .text.RCC_AHB1PeriphClockLPModeCmd
                0x00000000       0x40 ..\obj\stm32f4xx_rcc.o
 .text.RCC_AHB2PeriphClockLPModeCmd
                0x00000000       0x40 ..\obj\stm32f4xx_rcc.o
 .text.RCC_AHB3PeriphClockLPModeCmd
                0x00000000       0x40 ..\obj\stm32f4xx_rcc.o
 .text.RCC_APB1PeriphClockLPModeCmd
                0x00000000       0x40 ..\obj\stm32f4xx_rcc.o
 .text.RCC_APB2PeriphClockLPModeCmd
                0x00000000       0x40 ..\obj\stm32f4xx_rcc.o
 .text.RCC_ITConfig
                0x00000000       0x4c ..\obj\stm32f4xx_rcc.o
 .text.RCC_GetFlagStatus
                0x00000000       0x74 ..\obj\stm32f4xx_rcc.o
 .text.RCC_ClearFlag
                0x00000000       0x20 ..\obj\stm32f4xx_rcc.o
 .text.RCC_GetITStatus
                0x00000000       0x38 ..\obj\stm32f4xx_rcc.o
 .text.RCC_ClearITPendingBit
                0x00000000       0x20 ..\obj\stm32f4xx_rcc.o
 .text          0x00000000        0x0 ..\obj\timers.o
 .data          0x00000000        0x0 ..\obj\timers.o
 .text.xTimerCreate
                0x00000000       0x42 ..\obj\timers.o
 .text.prvInitialiseNewTimer
                0x00000000       0x6e ..\obj\timers.o
 .text.xTimerGenericCommandFromTask
                0x00000000       0xa0 ..\obj\timers.o
 .text.xTimerGenericCommandFromISR
                0x00000000       0x80 ..\obj\timers.o
 .text.xTimerGetTimerDaemonTaskHandle
                0x00000000       0x38 ..\obj\timers.o
 .text.xTimerGetPeriod
                0x00000000       0x36 ..\obj\timers.o
 .text.vTimerSetReloadMode
                0x00000000       0x64 ..\obj\timers.o
 .text.xTimerGetReloadMode
                0x00000000       0x50 ..\obj\timers.o
 .text.uxTimerGetReloadMode
                0x00000000       0x1c ..\obj\timers.o
 .text.xTimerGetExpiryTime
                0x00000000       0x3a ..\obj\timers.o
 .text.pcTimerGetName
                0x00000000       0x36 ..\obj\timers.o
 .text.xTimerIsTimerActive
                0x00000000       0x50 ..\obj\timers.o
 .text.pvTimerGetTimerID
                0x00000000       0x3e ..\obj\timers.o
 .text.vTimerSetTimerID
                0x00000000       0x3e ..\obj\timers.o
 .text.vTimerResetState
                0x00000000       0x24 ..\obj\timers.o
 .text          0x00000000        0x0 ..\obj\tasks.o
 .text.vTaskDelete
                0x00000000      0x108 ..\obj\tasks.o
 .text.xTaskDelayUntil
                0x00000000       0xf8 ..\obj\tasks.o
 .text.uxTaskPriorityGet
                0x00000000       0x34 ..\obj\tasks.o
 .text.uxTaskPriorityGetFromISR
                0x00000000       0x58 ..\obj\tasks.o
 .text.uxTaskBasePriorityGet
                0x00000000       0x34 ..\obj\tasks.o
 .text.uxTaskBasePriorityGetFromISR
                0x00000000       0x58 ..\obj\tasks.o
 .text.vTaskPrioritySet
                0x00000000      0x198 ..\obj\tasks.o
 .text.vTaskSuspend
                0x00000000      0x108 ..\obj\tasks.o
 .text.prvTaskIsTaskSuspended
                0x00000000       0x88 ..\obj\tasks.o
 .text.vTaskResume
                0x00000000      0x110 ..\obj\tasks.o
 .text.xTaskResumeFromISR
                0x00000000      0x140 ..\obj\tasks.o
 .text.vTaskEndScheduler
                0x00000000       0x64 ..\obj\tasks.o
 .text.xTaskGetTickCountFromISR
                0x00000000       0x24 ..\obj\tasks.o
 .text.uxTaskGetNumberOfTasks
                0x00000000       0x18 ..\obj\tasks.o
 .text.pcTaskGetName
                0x00000000       0x48 ..\obj\tasks.o
 .text.xTaskCatchUpTicks
                0x00000000       0x54 ..\obj\tasks.o
 .text.vTaskPlaceOnUnorderedEventList
                0x00000000       0xa8 ..\obj\tasks.o
 .text.vTaskRemoveFromUnorderedEventList
                0x00000000      0x184 ..\obj\tasks.o
 .text.vTaskSetTimeOutState
                0x00000000       0x4c ..\obj\tasks.o
 .text.xTaskGetCurrentTaskHandle
                0x00000000       0x20 ..\obj\tasks.o
 .text.xTaskGetCurrentTaskHandleForCore
                0x00000000       0x30 ..\obj\tasks.o
 .text.xTaskPriorityInherit
                0x00000000      0x124 ..\obj\tasks.o
 .text.xTaskPriorityDisinherit
                0x00000000      0x12c ..\obj\tasks.o
 .text.vTaskPriorityDisinheritAfterTimeout
                0x00000000      0x154 ..\obj\tasks.o
 .text.uxTaskResetEventItemValue
                0x00000000       0x30 ..\obj\tasks.o
 .text.pvTaskIncrementMutexHeldCount
                0x00000000       0x30 ..\obj\tasks.o
 .text.ulTaskGenericNotifyTake
                0x00000000       0xf8 ..\obj\tasks.o
 .text.xTaskGenericNotifyWait
                0x00000000      0x12c ..\obj\tasks.o
 .text.xTaskGenericNotify
                0x00000000      0x250 ..\obj\tasks.o
 .text.xTaskGenericNotifyFromISR
                0x00000000      0x2c0 ..\obj\tasks.o
 .text.vTaskGenericNotifyGiveFromISR
                0x00000000      0x20c ..\obj\tasks.o
 .text.xTaskGenericNotifyStateClear
                0x00000000       0x70 ..\obj\tasks.o
 .text.ulTaskGenericNotifyValueClear
                0x00000000       0x78 ..\obj\tasks.o
 .text.vTaskResetState
                0x00000000       0xa0 ..\obj\tasks.o
 .text          0x00000000        0x0 ..\obj\stm32f4xx_gpio.o
 .data          0x00000000        0x0 ..\obj\stm32f4xx_gpio.o
 .bss           0x00000000        0x0 ..\obj\stm32f4xx_gpio.o
 .text.GPIO_DeInit
                0x00000000      0x120 ..\obj\stm32f4xx_gpio.o
 .text.GPIO_StructInit
                0x00000000       0x34 ..\obj\stm32f4xx_gpio.o
 .text.GPIO_PinLockConfig
                0x00000000       0x44 ..\obj\stm32f4xx_gpio.o
 .text.GPIO_ReadInputDataBit
                0x00000000       0x34 ..\obj\stm32f4xx_gpio.o
 .text.GPIO_ReadInputData
                0x00000000       0x1a ..\obj\stm32f4xx_gpio.o
 .text.GPIO_ReadOutputDataBit
                0x00000000       0x34 ..\obj\stm32f4xx_gpio.o
 .text.GPIO_ReadOutputData
                0x00000000       0x1a ..\obj\stm32f4xx_gpio.o
 .text.GPIO_SetBits
                0x00000000       0x1e ..\obj\stm32f4xx_gpio.o
 .text.GPIO_ResetBits
                0x00000000       0x1e ..\obj\stm32f4xx_gpio.o
 .text.GPIO_WriteBit
                0x00000000       0x30 ..\obj\stm32f4xx_gpio.o
 .text.GPIO_Write
                0x00000000       0x1e ..\obj\stm32f4xx_gpio.o
 .text.GPIO_ToggleBits
                0x00000000       0x24 ..\obj\stm32f4xx_gpio.o
 .text.GPIO_PinAFConfig
                0x00000000       0x92 ..\obj\stm32f4xx_gpio.o
 .text          0x00000000        0x0 ..\obj\list.o
 .data          0x00000000        0x0 ..\obj\list.o
 .bss           0x00000000        0x0 ..\obj\list.o
 .text.vListInsertEnd
                0x00000000       0x48 ..\obj\list.o
 .text          0x00000000        0x0 ..\obj\system_stm32f4xx.o
 .bss           0x00000000        0x0 ..\obj\system_stm32f4xx.o
 .text.SystemInit
                0x00000000       0x6c ..\obj\system_stm32f4xx.o
 .text.SystemCoreClockUpdate
                0x00000000       0xfc ..\obj\system_stm32f4xx.o
 .text.SetSysClock
                0x00000000       0xf8 ..\obj\system_stm32f4xx.o
 .text          0x00000000        0x0 ..\obj\syscalls.o
 .data          0x00000000        0x0 ..\obj\syscalls.o
 .bss           0x00000000        0x4 ..\obj\syscalls.o
 .text._sbrk    0x00000000       0x40 ..\obj\syscalls.o
 .text.link     0x00000000       0x1a ..\obj\syscalls.o
 .text._close   0x00000000       0x18 ..\obj\syscalls.o
 .text._fstat   0x00000000       0x20 ..\obj\syscalls.o
 .text._isatty  0x00000000       0x16 ..\obj\syscalls.o
 .text._lseek   0x00000000       0x1a ..\obj\syscalls.o
 .text._read    0x00000000       0x1a ..\obj\syscalls.o
 .text._write   0x00000000       0x1a ..\obj\syscalls.o
 .text.abort    0x00000000        0x6 ..\obj\syscalls.o
 .debug_info    0x00000000      0xd60 ..\obj\syscalls.o
 .debug_abbrev  0x00000000      0x23f ..\obj\syscalls.o
 .debug_aranges
                0x00000000       0x60 ..\obj\syscalls.o
 .debug_ranges  0x00000000       0x50 ..\obj\syscalls.o
 .debug_line    0x00000000      0x30b ..\obj\syscalls.o
 .debug_str     0x00000000      0x72c ..\obj\syscalls.o
 .comment       0x00000000       0x76 ..\obj\syscalls.o
 .debug_frame   0x00000000      0x168 ..\obj\syscalls.o
 .ARM.attributes
                0x00000000       0x32 ..\obj\syscalls.o
 .text          0x00000000        0x0 ..\obj\queue.o
 .data          0x00000000        0x0 ..\obj\queue.o
 .bss           0x00000000        0x0 ..\obj\queue.o
 .text.prvInitialiseMutex
                0x00000000       0x34 ..\obj\queue.o
 .text.xQueueCreateMutex
                0x00000000       0x30 ..\obj\queue.o
 .text.xQueueGiveMutexRecursive
                0x00000000       0x66 ..\obj\queue.o
 .text.xQueueTakeMutexRecursive
                0x00000000       0x6a ..\obj\queue.o
 .text.xQueueCreateCountingSemaphore
                0x00000000       0x5a ..\obj\queue.o
 .text.xQueueGenericSend
                0x00000000      0x1f4 ..\obj\queue.o
 .text.xQueueGenericSendFromISR
                0x00000000      0x15a ..\obj\queue.o
 .text.xQueueGiveFromISR
                0x00000000      0x13e ..\obj\queue.o
 .text.xQueueSemaphoreTake
                0x00000000      0x1f4 ..\obj\queue.o
 .text.xQueuePeek
                0x00000000      0x1bc ..\obj\queue.o
 .text.xQueueReceiveFromISR
                0x00000000      0x126 ..\obj\queue.o
 .text.xQueuePeekFromISR
                0x00000000       0xca ..\obj\queue.o
 .text.uxQueueMessagesWaiting
                0x00000000       0x3a ..\obj\queue.o
 .text.uxQueueSpacesAvailable
                0x00000000       0x44 ..\obj\queue.o
 .text.uxQueueMessagesWaitingFromISR
                0x00000000       0x3a ..\obj\queue.o
 .text.vQueueDelete
                0x00000000       0x34 ..\obj\queue.o
 .text.uxQueueGetQueueItemSize
                0x00000000       0x18 ..\obj\queue.o
 .text.uxQueueGetQueueLength
                0x00000000       0x18 ..\obj\queue.o
 .text.prvGetDisinheritPriorityAfterTimeout
                0x00000000       0x30 ..\obj\queue.o
 .text.prvCopyDataToQueue
                0x00000000       0xd4 ..\obj\queue.o
 .text.xQueueIsQueueEmptyFromISR
                0x00000000       0x46 ..\obj\queue.o
 .text.prvIsQueueFull
                0x00000000       0x30 ..\obj\queue.o
 .text.xQueueIsQueueFullFromISR
                0x00000000       0x4a ..\obj\queue.o
 .text          0x00000000        0x0 ..\obj\port.o
 .rodata        0x00000000        0x4 ..\obj\port.o
 .text.vPortEndScheduler
                0x00000000       0x34 ..\obj\port.o
 .text.vPortValidateInterruptPriority
                0x00000000       0x7c ..\obj\port.o
 .text          0x00000000        0x0 ..\obj\stream_buffer.o
 .data          0x00000000        0x0 ..\obj\stream_buffer.o
 .bss           0x00000000        0x0 ..\obj\stream_buffer.o
 .text.xStreamBufferGenericCreate
                0x00000000       0xee ..\obj\stream_buffer.o
 .text.vStreamBufferDelete
                0x00000000       0x4c ..\obj\stream_buffer.o
 .text.xStreamBufferReset
                0x00000000       0x7c ..\obj\stream_buffer.o
 .text.xStreamBufferResetFromISR
                0x00000000       0x9a ..\obj\stream_buffer.o
 .text.xStreamBufferSetTriggerLevel
                0x00000000       0x5a ..\obj\stream_buffer.o
 .text.xStreamBufferSpacesAvailable
                0x00000000       0x74 ..\obj\stream_buffer.o
 .text.xStreamBufferBytesAvailable
                0x00000000       0x38 ..\obj\stream_buffer.o
 .text.xStreamBufferSend
                0x00000000      0x19a ..\obj\stream_buffer.o
 .text.xStreamBufferSendFromISR
                0x00000000       0xe2 ..\obj\stream_buffer.o
 .text.prvWriteMessageToBuffer
                0x00000000       0x8e ..\obj\stream_buffer.o
 .text.xStreamBufferReceive
                0x00000000      0x146 ..\obj\stream_buffer.o
 .text.xStreamBufferNextMessageLengthBytes
                0x00000000       0x84 ..\obj\stream_buffer.o
 .text.xStreamBufferReceiveFromISR
                0x00000000       0xda ..\obj\stream_buffer.o
 .text.prvReadMessageFromBuffer
                0x00000000       0x7a ..\obj\stream_buffer.o
 .text.xStreamBufferIsEmpty
                0x00000000       0x4e ..\obj\stream_buffer.o
 .text.xStreamBufferIsFull
                0x00000000       0x5e ..\obj\stream_buffer.o
 .text.xStreamBufferSendCompletedFromISR
                0x00000000       0x88 ..\obj\stream_buffer.o
 .text.xStreamBufferReceiveCompletedFromISR
                0x00000000       0x88 ..\obj\stream_buffer.o
 .text.prvWriteBytesToBuffer
                0x00000000       0xd4 ..\obj\stream_buffer.o
 .text.prvReadBytesFromBuffer
                0x00000000       0xce ..\obj\stream_buffer.o
 .text.prvBytesInBuffer
                0x00000000       0x40 ..\obj\stream_buffer.o
 .text.prvInitialiseNewStreamBuffer
                0x00000000       0x66 ..\obj\stream_buffer.o
 .text.uxStreamBufferGetStreamBufferNotificationIndex
                0x00000000       0x36 ..\obj\stream_buffer.o
 .text.vStreamBufferSetStreamBufferNotificationIndex
                0x00000000       0x8c ..\obj\stream_buffer.o
 .debug_info    0x00000000     0x1d90 ..\obj\stream_buffer.o
 .debug_abbrev  0x00000000      0x366 ..\obj\stream_buffer.o
 .debug_aranges
                0x00000000       0xd8 ..\obj\stream_buffer.o
 .debug_ranges  0x00000000       0xc8 ..\obj\stream_buffer.o
 .debug_line    0x00000000      0xc8c ..\obj\stream_buffer.o
 .debug_str     0x00000000      0xc55 ..\obj\stream_buffer.o
 .comment       0x00000000       0x76 ..\obj\stream_buffer.o
 .debug_frame   0x00000000      0x3a4 ..\obj\stream_buffer.o
 .ARM.attributes
                0x00000000       0x32 ..\obj\stream_buffer.o
 .text          0x00000000        0x0 ..\obj\croutine.o
 .data          0x00000000        0x0 ..\obj\croutine.o
 .bss           0x00000000        0x0 ..\obj\croutine.o
 .debug_info    0x00000000       0x96 ..\obj\croutine.o
 .debug_abbrev  0x00000000       0x48 ..\obj\croutine.o
 .debug_aranges
                0x00000000       0x18 ..\obj\croutine.o
 .debug_line    0x00000000      0x12c ..\obj\croutine.o
 .debug_str     0x00000000      0x1be ..\obj\croutine.o
 .comment       0x00000000       0x76 ..\obj\croutine.o
 .ARM.attributes
                0x00000000       0x37 ..\obj\croutine.o
 .text          0x00000000        0x0 ..\obj\event_groups.o
 .data          0x00000000        0x0 ..\obj\event_groups.o
 .bss           0x00000000        0x0 ..\obj\event_groups.o
 .text.xEventGroupCreate
                0x00000000       0x2e ..\obj\event_groups.o
 .text.xEventGroupSync
                0x00000000      0x158 ..\obj\event_groups.o
 .text.xEventGroupWaitBits
                0x00000000      0x194 ..\obj\event_groups.o
 .text.xEventGroupClearBits
                0x00000000       0x6c ..\obj\event_groups.o
 .text.xEventGroupGetBitsFromISR
                0x00000000       0x46 ..\obj\event_groups.o
 .text.xEventGroupSetBits
                0x00000000      0x112 ..\obj\event_groups.o
 .text.vEventGroupDelete
                0x00000000       0x7a ..\obj\event_groups.o
 .text.vEventGroupSetBitsCallback
                0x00000000       0x1a ..\obj\event_groups.o
 .text.vEventGroupClearBitsCallback
                0x00000000       0x1a ..\obj\event_groups.o
 .text.prvTestWaitCondition
                0x00000000       0x44 ..\obj\event_groups.o
 .debug_info    0x00000000     0x11c5 ..\obj\event_groups.o
 .debug_abbrev  0x00000000      0x350 ..\obj\event_groups.o
 .debug_aranges
                0x00000000       0x68 ..\obj\event_groups.o
 .debug_ranges  0x00000000       0x58 ..\obj\event_groups.o
 .debug_line    0x00000000      0x70a ..\obj\event_groups.o
 .debug_str     0x00000000      0x95d ..\obj\event_groups.o
 .comment       0x00000000       0x76 ..\obj\event_groups.o
 .debug_frame   0x00000000      0x180 ..\obj\event_groups.o
 .ARM.attributes
                0x00000000       0x32 ..\obj\event_groups.o
 .text          0x00000000        0x0 ..\obj\stm32f4xx_exti.o
 .data          0x00000000        0x0 ..\obj\stm32f4xx_exti.o
 .bss           0x00000000        0x0 ..\obj\stm32f4xx_exti.o
 .text.EXTI_DeInit
                0x00000000       0x34 ..\obj\stm32f4xx_exti.o
 .text.EXTI_Init
                0x00000000       0xe4 ..\obj\stm32f4xx_exti.o
 .text.EXTI_StructInit
                0x00000000       0x2c ..\obj\stm32f4xx_exti.o
 .text.EXTI_GenerateSWInterrupt
                0x00000000       0x24 ..\obj\stm32f4xx_exti.o
 .text.EXTI_GetFlagStatus
                0x00000000       0x34 ..\obj\stm32f4xx_exti.o
 .text.EXTI_ClearFlag
                0x00000000       0x20 ..\obj\stm32f4xx_exti.o
 .text.EXTI_GetITStatus
                0x00000000       0x48 ..\obj\stm32f4xx_exti.o
 .text.EXTI_ClearITPendingBit
                0x00000000       0x20 ..\obj\stm32f4xx_exti.o
 .debug_info    0x00000000      0x393 ..\obj\stm32f4xx_exti.o
 .debug_abbrev  0x00000000      0x1ea ..\obj\stm32f4xx_exti.o
 .debug_aranges
                0x00000000       0x58 ..\obj\stm32f4xx_exti.o
 .debug_ranges  0x00000000       0x48 ..\obj\stm32f4xx_exti.o
 .debug_line    0x00000000      0x377 ..\obj\stm32f4xx_exti.o
 .debug_str     0x00000000      0x3a6 ..\obj\stm32f4xx_exti.o
 .comment       0x00000000       0x76 ..\obj\stm32f4xx_exti.o
 .debug_frame   0x00000000      0x148 ..\obj\stm32f4xx_exti.o
 .ARM.attributes
                0x00000000       0x32 ..\obj\stm32f4xx_exti.o
 .text          0x00000000        0x0 ..\obj\stm32f4xx_tim.o
 .data          0x00000000        0x0 ..\obj\stm32f4xx_tim.o
 .bss           0x00000000        0x0 ..\obj\stm32f4xx_tim.o
 .text.TIM_DeInit
                0x00000000      0x1c0 ..\obj\stm32f4xx_tim.o
 .text.TIM_TimeBaseInit
                0x00000000       0xd8 ..\obj\stm32f4xx_tim.o
 .text.TIM_TimeBaseStructInit
                0x00000000       0x34 ..\obj\stm32f4xx_tim.o
 .text.TIM_PrescalerConfig
                0x00000000       0x28 ..\obj\stm32f4xx_tim.o
 .text.TIM_CounterModeConfig
                0x00000000       0x38 ..\obj\stm32f4xx_tim.o
 .text.TIM_SetCounter
                0x00000000       0x1c ..\obj\stm32f4xx_tim.o
 .text.TIM_SetAutoreload
                0x00000000       0x1c ..\obj\stm32f4xx_tim.o
 .text.TIM_GetCounter
                0x00000000       0x18 ..\obj\stm32f4xx_tim.o
 .text.TIM_GetPrescaler
                0x00000000       0x1a ..\obj\stm32f4xx_tim.o
 .text.TIM_UpdateDisableConfig
                0x00000000       0x40 ..\obj\stm32f4xx_tim.o
 .text.TIM_UpdateRequestConfig
                0x00000000       0x40 ..\obj\stm32f4xx_tim.o
 .text.TIM_ARRPreloadConfig
                0x00000000       0x40 ..\obj\stm32f4xx_tim.o
 .text.TIM_SelectOnePulseMode
                0x00000000       0x38 ..\obj\stm32f4xx_tim.o
 .text.TIM_SetClockDivision
                0x00000000       0x38 ..\obj\stm32f4xx_tim.o
 .text.TIM_Cmd  0x00000000       0x40 ..\obj\stm32f4xx_tim.o
 .text.TIM_OC1Init
                0x00000000       0xf4 ..\obj\stm32f4xx_tim.o
 .text.TIM_OC2Init
                0x00000000      0x110 ..\obj\stm32f4xx_tim.o
 .text.TIM_OC3Init
                0x00000000      0x10c ..\obj\stm32f4xx_tim.o
 .text.TIM_OC4Init
                0x00000000       0xd0 ..\obj\stm32f4xx_tim.o
 .text.TIM_OCStructInit
                0x00000000       0x44 ..\obj\stm32f4xx_tim.o
 .text.TIM_SelectOCxM
                0x00000000       0xb4 ..\obj\stm32f4xx_tim.o
 .text.TIM_SetCompare1
                0x00000000       0x1c ..\obj\stm32f4xx_tim.o
 .text.TIM_SetCompare2
                0x00000000       0x1c ..\obj\stm32f4xx_tim.o
 .text.TIM_SetCompare3
                0x00000000       0x1c ..\obj\stm32f4xx_tim.o
 .text.TIM_SetCompare4
                0x00000000       0x1c ..\obj\stm32f4xx_tim.o
 .text.TIM_ForcedOC1Config
                0x00000000       0x38 ..\obj\stm32f4xx_tim.o
 .text.TIM_ForcedOC2Config
                0x00000000       0x3c ..\obj\stm32f4xx_tim.o
 .text.TIM_ForcedOC3Config
                0x00000000       0x38 ..\obj\stm32f4xx_tim.o
 .text.TIM_ForcedOC4Config
                0x00000000       0x3c ..\obj\stm32f4xx_tim.o
 .text.TIM_OC1PreloadConfig
                0x00000000       0x38 ..\obj\stm32f4xx_tim.o
 .text.TIM_OC2PreloadConfig
                0x00000000       0x3c ..\obj\stm32f4xx_tim.o
 .text.TIM_OC3PreloadConfig
                0x00000000       0x38 ..\obj\stm32f4xx_tim.o
 .text.TIM_OC4PreloadConfig
                0x00000000       0x3c ..\obj\stm32f4xx_tim.o
 .text.TIM_OC1FastConfig
                0x00000000       0x38 ..\obj\stm32f4xx_tim.o
 .text.TIM_OC2FastConfig
                0x00000000       0x3c ..\obj\stm32f4xx_tim.o
 .text.TIM_OC3FastConfig
                0x00000000       0x38 ..\obj\stm32f4xx_tim.o
 .text.TIM_OC4FastConfig
                0x00000000       0x3c ..\obj\stm32f4xx_tim.o
 .text.TIM_ClearOC1Ref
                0x00000000       0x38 ..\obj\stm32f4xx_tim.o
 .text.TIM_ClearOC2Ref
                0x00000000       0x3c ..\obj\stm32f4xx_tim.o
 .text.TIM_ClearOC3Ref
                0x00000000       0x38 ..\obj\stm32f4xx_tim.o
 .text.TIM_ClearOC4Ref
                0x00000000       0x3c ..\obj\stm32f4xx_tim.o
 .text.TIM_OC1PolarityConfig
                0x00000000       0x38 ..\obj\stm32f4xx_tim.o
 .text.TIM_OC1NPolarityConfig
                0x00000000       0x38 ..\obj\stm32f4xx_tim.o
 .text.TIM_OC2PolarityConfig
                0x00000000       0x3c ..\obj\stm32f4xx_tim.o
 .text.TIM_OC2NPolarityConfig
                0x00000000       0x3c ..\obj\stm32f4xx_tim.o
 .text.TIM_OC3PolarityConfig
                0x00000000       0x3c ..\obj\stm32f4xx_tim.o
 .text.TIM_OC3NPolarityConfig
                0x00000000       0x3c ..\obj\stm32f4xx_tim.o
 .text.TIM_OC4PolarityConfig
                0x00000000       0x3c ..\obj\stm32f4xx_tim.o
 .text.TIM_CCxCmd
                0x00000000       0x56 ..\obj\stm32f4xx_tim.o
 .text.TIM_CCxNCmd
                0x00000000       0x56 ..\obj\stm32f4xx_tim.o
 .text.TIM_ICInit
                0x00000000       0xa8 ..\obj\stm32f4xx_tim.o
 .text.TIM_ICStructInit
                0x00000000       0x32 ..\obj\stm32f4xx_tim.o
 .text.TIM_PWMIConfig
                0x00000000       0xb8 ..\obj\stm32f4xx_tim.o
 .text.TIM_GetCapture1
                0x00000000       0x18 ..\obj\stm32f4xx_tim.o
 .text.TIM_GetCapture2
                0x00000000       0x18 ..\obj\stm32f4xx_tim.o
 .text.TIM_GetCapture3
                0x00000000       0x18 ..\obj\stm32f4xx_tim.o
 .text.TIM_GetCapture4
                0x00000000       0x18 ..\obj\stm32f4xx_tim.o
 .text.TIM_SetIC1Prescaler
                0x00000000       0x38 ..\obj\stm32f4xx_tim.o
 .text.TIM_SetIC2Prescaler
                0x00000000       0x3c ..\obj\stm32f4xx_tim.o
 .text.TIM_SetIC3Prescaler
                0x00000000       0x38 ..\obj\stm32f4xx_tim.o
 .text.TIM_SetIC4Prescaler
                0x00000000       0x3c ..\obj\stm32f4xx_tim.o
 .text.TIM_BDTRConfig
                0x00000000       0x50 ..\obj\stm32f4xx_tim.o
 .text.TIM_BDTRStructInit
                0x00000000       0x3e ..\obj\stm32f4xx_tim.o
 .text.TIM_CtrlPWMOutputs
                0x00000000       0x4c ..\obj\stm32f4xx_tim.o
 .text.TIM_SelectCOM
                0x00000000       0x40 ..\obj\stm32f4xx_tim.o
 .text.TIM_CCPreloadControl
                0x00000000       0x40 ..\obj\stm32f4xx_tim.o
 .text.TIM_ITConfig
                0x00000000       0x48 ..\obj\stm32f4xx_tim.o
 .text.TIM_GenerateEvent
                0x00000000       0x1e ..\obj\stm32f4xx_tim.o
 .text.TIM_GetFlagStatus
                0x00000000       0x38 ..\obj\stm32f4xx_tim.o
 .text.TIM_ClearFlag
                0x00000000       0x22 ..\obj\stm32f4xx_tim.o
 .text.TIM_GetITStatus
                0x00000000       0x54 ..\obj\stm32f4xx_tim.o
 .text.TIM_ClearITPendingBit
                0x00000000       0x22 ..\obj\stm32f4xx_tim.o
 .text.TIM_DMAConfig
                0x00000000       0x2a ..\obj\stm32f4xx_tim.o
 .text.TIM_DMACmd
                0x00000000       0x48 ..\obj\stm32f4xx_tim.o
 .text.TIM_SelectCCDMA
                0x00000000       0x40 ..\obj\stm32f4xx_tim.o
 .text.TIM_InternalClockConfig
                0x00000000       0x24 ..\obj\stm32f4xx_tim.o
 .text.TIM_ITRxExternalClockConfig
                0x00000000       0x2e ..\obj\stm32f4xx_tim.o
 .text.TIM_TIxExternalClockConfig
                0x00000000       0x5c ..\obj\stm32f4xx_tim.o
 .text.TIM_ETRClockMode1Config
                0x00000000       0x5e ..\obj\stm32f4xx_tim.o
 .text.TIM_ETRClockMode2Config
                0x00000000       0x3e ..\obj\stm32f4xx_tim.o
 .text.TIM_SelectInputTrigger
                0x00000000       0x38 ..\obj\stm32f4xx_tim.o
 .text.TIM_SelectOutputTrigger
                0x00000000       0x38 ..\obj\stm32f4xx_tim.o
 .text.TIM_SelectSlaveMode
                0x00000000       0x38 ..\obj\stm32f4xx_tim.o
 .text.TIM_SelectMasterSlaveMode
                0x00000000       0x38 ..\obj\stm32f4xx_tim.o
 .text.TIM_ETRConfig
                0x00000000       0x54 ..\obj\stm32f4xx_tim.o
 .text.TIM_EncoderInterfaceConfig
                0x00000000       0x98 ..\obj\stm32f4xx_tim.o
 .text.TIM_SelectHallSensor
                0x00000000       0x40 ..\obj\stm32f4xx_tim.o
 .text.TIM_RemapConfig
                0x00000000       0x20 ..\obj\stm32f4xx_tim.o
 .text.TI1_Config
                0x00000000       0x86 ..\obj\stm32f4xx_tim.o
 .text.TI2_Config
                0x00000000       0x9a ..\obj\stm32f4xx_tim.o
 .text.TI3_Config
                0x00000000       0x90 ..\obj\stm32f4xx_tim.o
 .text.TI4_Config
                0x00000000       0x9e ..\obj\stm32f4xx_tim.o
 .debug_info    0x00000000     0x1e26 ..\obj\stm32f4xx_tim.o
 .debug_abbrev  0x00000000      0x1c2 ..\obj\stm32f4xx_tim.o
 .debug_aranges
                0x00000000      0x2f8 ..\obj\stm32f4xx_tim.o
 .debug_ranges  0x00000000      0x2e8 ..\obj\stm32f4xx_tim.o
 .debug_line    0x00000000     0x1101 ..\obj\stm32f4xx_tim.o
 .debug_str     0x00000000      0xe1d ..\obj\stm32f4xx_tim.o
 .comment       0x00000000       0x76 ..\obj\stm32f4xx_tim.o
 .debug_frame   0x00000000      0xe54 ..\obj\stm32f4xx_tim.o
 .ARM.attributes
                0x00000000       0x32 ..\obj\stm32f4xx_tim.o
 .data          0x00000000        0x0 c:/program files (x86)/gnu tools arm embedded/8 2018-q4-major/bin/../lib/gcc/arm-none-eabi/8.2.1/../../../../arm-none-eabi/lib/thumb/v7e-m+fp/softfp\libc.a(lib_a-memcpy.o)
 .bss           0x00000000        0x0 c:/program files (x86)/gnu tools arm embedded/8 2018-q4-major/bin/../lib/gcc/arm-none-eabi/8.2.1/../../../../arm-none-eabi/lib/thumb/v7e-m+fp/softfp\libc.a(lib_a-memcpy.o)
 .text          0x00000000        0x0 c:/program files (x86)/gnu tools arm embedded/8 2018-q4-major/bin/../lib/gcc/arm-none-eabi/8.2.1/../../../../arm-none-eabi/lib/thumb/v7e-m+fp/softfp\libc.a(lib_a-memset.o)
 .data          0x00000000        0x0 c:/program files (x86)/gnu tools arm embedded/8 2018-q4-major/bin/../lib/gcc/arm-none-eabi/8.2.1/../../../../arm-none-eabi/lib/thumb/v7e-m+fp/softfp\libc.a(lib_a-memset.o)
 .bss           0x00000000        0x0 c:/program files (x86)/gnu tools arm embedded/8 2018-q4-major/bin/../lib/gcc/arm-none-eabi/8.2.1/../../../../arm-none-eabi/lib/thumb/v7e-m+fp/softfp\libc.a(lib_a-memset.o)

Memory Configuration

Name             Origin             Length             Attributes
rom              0x08000000         0x00100000         xr
ram              0x20000000         0x00020000         xrw
ram1             0x10000000         0x00010000         xrw
*default*        0x00000000         0xffffffff

Linker script and memory map

                0x20020000                _eram = 0x20020000

.text           0x08000000     0x2c39
 *(.isr_vector)
 .isr_vector    0x08000000      0x188 ..\obj\startup_stm32f4xx.o
                0x08000000                g_pfnVectors
 *(.text*)
 .text.pvPortMalloc
                0x08000188      0x254 ..\obj\heap_4.o
                0x08000188                pvPortMalloc
 .text.vPortFree
                0x080003dc      0x108 ..\obj\heap_4.o
                0x080003dc                vPortFree
 .text.prvHeapInit
                0x080004e4       0xb4 ..\obj\heap_4.o
 .text.prvInsertBlockIntoFreeList
                0x08000598       0xf0 ..\obj\heap_4.o
 .text.Default_Reset_Handler
                0x08000688       0x6c ..\obj\startup_stm32f4xx.o
                0x08000688                Default_Reset_Handler
                0x08000688                Reset_Handler
 .text.Default_Handler
                0x080006f4        0x6 ..\obj\startup_stm32f4xx.o
                0x080006f4                RTC_Alarm_IRQHandler
                0x080006f4                HASH_RNG_IRQHandler
                0x080006f4                EXTI2_IRQHandler
                0x080006f4                TIM8_CC_IRQHandler
                0x080006f4                DebugMon_Handler
                0x080006f4                TIM1_CC_IRQHandler
                0x080006f4                DMA2_Stream5_IRQHandler
                0x080006f4                HardFault_Handler
                0x080006f4                DMA1_Stream5_IRQHandler
                0x080006f4                PVD_IRQHandler
                0x080006f4                SDIO_IRQHandler
                0x080006f4                TAMP_STAMP_IRQHandler
                0x080006f4                NMI_Handler
                0x080006f4                CAN2_RX1_IRQHandler
                0x080006f4                EXTI3_IRQHandler
                0x080006f4                TIM8_TRG_COM_TIM14_IRQHandler
                0x080006f4                TIM1_UP_TIM10_IRQHandler
                0x080006f4                TIM8_UP_TIM13_IRQHandler
                0x080006f4                I2C3_ER_IRQHandler
                0x080006f4                EXTI0_IRQHandler
                0x080006f4                I2C2_EV_IRQHandler
                0x080006f4                DMA1_Stream2_IRQHandler
                0x080006f4                CAN1_RX0_IRQHandler
                0x080006f4                FPU_IRQHandler
                0x080006f4                OTG_HS_WKUP_IRQHandler
                0x080006f4                UsageFault_Handler
                0x080006f4                CAN2_SCE_IRQHandler
                0x080006f4                DMA2_Stream2_IRQHandler
                0x080006f4                SPI1_IRQHandler
                0x080006f4                TIM6_DAC_IRQHandler
                0x080006f4                TIM1_BRK_TIM9_IRQHandler
                0x080006f4                DCMI_IRQHandler
                0x080006f4                CAN2_RX0_IRQHandler
                0x080006f4                DMA2_Stream3_IRQHandler
                0x080006f4                USART6_IRQHandler
                0x080006f4                USART3_IRQHandler
                0x080006f4                CRYP_IRQHandler
                0x080006f4                CAN1_RX1_IRQHandler
                0x080006f4                UART5_IRQHandler
                0x080006f4                DMA2_Stream0_IRQHandler
                0x080006f4                TIM4_IRQHandler
                0x080006f4                I2C1_EV_IRQHandler
                0x080006f4                DMA1_Stream6_IRQHandler
                0x080006f4                DMA1_Stream1_IRQHandler
                0x080006f4                UART4_IRQHandler
                0x080006f4                TIM3_IRQHandler
                0x080006f4                RCC_IRQHandler
                0x080006f4                TIM8_BRK_TIM12_IRQHandler
                0x080006f4                EXTI15_10_IRQHandler
                0x080006f4                ADC_IRQHandler
                0x080006f4                DMA1_Stream7_IRQHandler
                0x080006f4                TIM7_IRQHandler
                0x080006f4                CAN2_TX_IRQHandler
                0x080006f4                TIM5_IRQHandler
                0x080006f4                DMA2_Stream7_IRQHandler
                0x080006f4                I2C3_EV_IRQHandler
                0x080006f4                EXTI9_5_IRQHandler
                0x080006f4                RTC_WKUP_IRQHandler
                0x080006f4                ETH_WKUP_IRQHandler
                0x080006f4                SPI2_IRQHandler
                0x080006f4                OTG_HS_EP1_IN_IRQHandler
                0x080006f4                MemManage_Handler
                0x080006f4                DMA1_Stream0_IRQHandler
                0x080006f4                CAN1_TX_IRQHandler
                0x080006f4                EXTI4_IRQHandler
                0x080006f4                FSMC_IRQHandler
                0x080006f4                ETH_IRQHandler
                0x080006f4                OTG_HS_EP1_OUT_IRQHandler
                0x080006f4                WWDG_IRQHandler
                0x080006f4                TIM2_IRQHandler
                0x080006f4                OTG_FS_WKUP_IRQHandler
                0x080006f4                TIM1_TRG_COM_TIM11_IRQHandler
                0x080006f4                OTG_HS_IRQHandler
                0x080006f4                EXTI1_IRQHandler
                0x080006f4                USART2_IRQHandler
                0x080006f4                I2C2_ER_IRQHandler
                0x080006f4                DMA2_Stream1_IRQHandler
                0x080006f4                CAN1_SCE_IRQHandler
                0x080006f4                FLASH_IRQHandler
                0x080006f4                DMA2_Stream4_IRQHandler
                0x080006f4                BusFault_Handler
                0x080006f4                USART1_IRQHandler
                0x080006f4                OTG_FS_IRQHandler
                0x080006f4                SPI3_IRQHandler
                0x080006f4                DMA1_Stream4_IRQHandler
                0x080006f4                I2C1_ER_IRQHandler
                0x080006f4                DMA2_Stream6_IRQHandler
                0x080006f4                DMA1_Stream3_IRQHandler
 .text.vApplicationIdleHook
                0x080006fa        0xe ..\obj\main.o
                0x080006fa                vApplicationIdleHook
 .text.vApplicationTickHook
                0x08000708        0xe ..\obj\main.o
                0x08000708                vApplicationTickHook
 .text.vApplicationStackOverflowHook
                0x08000716       0x1e ..\obj\main.o
                0x08000716                vApplicationStackOverflowHook
 .text.vApplicationMallocFailedHook
                0x08000734       0x1a ..\obj\main.o
                0x08000734                vApplicationMallocFailedHook
 *fill*         0x0800074e        0x2 
 .text.GPIO_SETUP
                0x08000750       0x3c ..\obj\main.o
                0x08000750                GPIO_SETUP
 .text.main     0x0800078c       0x88 ..\obj\main.o
                0x0800078c                main
 .text.vLEDTask1
                0x08000814       0x34 ..\obj\main.o
 .text.vLEDTask2
                0x08000848       0x34 ..\obj\main.o
 .text.vLEDTask3
                0x0800087c       0x34 ..\obj\main.o
 .text.vLEDTask4
                0x080008b0       0x34 ..\obj\main.o
 .text.RCC_AHB1PeriphClockCmd
                0x080008e4       0x40 ..\obj\stm32f4xx_rcc.o
                0x080008e4                RCC_AHB1PeriphClockCmd
 .text.xTimerCreateTimerTask
                0x08000924       0x64 ..\obj\timers.o
                0x08000924                xTimerCreateTimerTask
 .text.prvReloadTimer
                0x08000988       0x40 ..\obj\timers.o
 .text.prvProcessExpiredTimer
                0x080009c8       0x60 ..\obj\timers.o
 .text.prvTimerTask
                0x08000a28       0x24 ..\obj\timers.o
 .text.prvProcessTimerOrBlockTask
                0x08000a4c       0x9c ..\obj\timers.o
 .text.prvGetNextExpireTime
                0x08000ae8       0x48 ..\obj\timers.o
 .text.prvSampleTimeNow
                0x08000b30       0x40 ..\obj\timers.o
 .text.prvInsertTimerInActiveList
                0x08000b70       0x84 ..\obj\timers.o
 .text.prvProcessReceivedCommands
                0x08000bf4      0x184 ..\obj\timers.o
 .text.prvSwitchTimerLists
                0x08000d78       0x4c ..\obj\timers.o
 .text.prvCheckForValidListAndQueue
                0x08000dc4       0x54 ..\obj\timers.o
 .text.prvCreateTask
                0x08000e18       0x78 ..\obj\tasks.o
 .text.xTaskCreate
                0x08000e90       0x46 ..\obj\tasks.o
                0x08000e90                xTaskCreate
 .text.prvInitialiseNewTask
                0x08000ed6      0x118 ..\obj\tasks.o
 *fill*         0x08000fee        0x2 
 .text.prvAddNewTaskToReadyList
                0x08000ff0      0x12c ..\obj\tasks.o
 .text.vTaskDelay
                0x0800111c       0x68 ..\obj\tasks.o
                0x0800111c                vTaskDelay
 .text.prvCreateIdleTasks
                0x08001184       0x94 ..\obj\tasks.o
 .text.vTaskStartScheduler
                0x08001218       0x84 ..\obj\tasks.o
                0x08001218                vTaskStartScheduler
 .text.vTaskSuspendAll
                0x0800129c       0x1c ..\obj\tasks.o
                0x0800129c                vTaskSuspendAll
 .text.xTaskResumeAll
                0x080012b8      0x210 ..\obj\tasks.o
                0x080012b8                xTaskResumeAll
 .text.xTaskGetTickCount
                0x080014c8       0x20 ..\obj\tasks.o
                0x080014c8                xTaskGetTickCount
 .text.xTaskIncrementTick
                0x080014e8      0x224 ..\obj\tasks.o
                0x080014e8                xTaskIncrementTick
 .text.vTaskSwitchContext
                0x0800170c      0x108 ..\obj\tasks.o
                0x0800170c                vTaskSwitchContext
 .text.vTaskPlaceOnEventList
                0x08001814       0x48 ..\obj\tasks.o
                0x08001814                vTaskPlaceOnEventList
 .text.vTaskPlaceOnEventListRestricted
                0x0800185c       0x88 ..\obj\tasks.o
                0x0800185c                vTaskPlaceOnEventListRestricted
 .text.xTaskRemoveFromEventList
                0x080018e4      0x1b0 ..\obj\tasks.o
                0x080018e4                xTaskRemoveFromEventList
 .text.vTaskInternalSetTimeOutState
                0x08001a94       0x2c ..\obj\tasks.o
                0x08001a94                vTaskInternalSetTimeOutState
 .text.xTaskCheckForTimeOut
                0x08001ac0       0xc8 ..\obj\tasks.o
                0x08001ac0                xTaskCheckForTimeOut
 .text.vTaskMissedYield
                0x08001b88       0x18 ..\obj\tasks.o
                0x08001b88                vTaskMissedYield
 .text.prvIdleTask
                0x08001ba0       0x34 ..\obj\tasks.o
 .text.prvInitialiseTaskLists
                0x08001bd4       0x80 ..\obj\tasks.o
 .text.prvCheckTasksWaitingTermination
                0x08001c54       0x58 ..\obj\tasks.o
 .text.prvDeleteTCB
                0x08001cac       0x20 ..\obj\tasks.o
 .text.prvResetNextTaskUnblockTime
                0x08001ccc       0x38 ..\obj\tasks.o
 .text.xTaskGetSchedulerState
                0x08001d04       0x3c ..\obj\tasks.o
                0x08001d04                xTaskGetSchedulerState
 .text.prvAddCurrentTaskToDelayedList
                0x08001d40       0xe0 ..\obj\tasks.o
 .text.GPIO_Init
                0x08001e20      0x11c ..\obj\stm32f4xx_gpio.o
                0x08001e20                GPIO_Init
 .text.vListInitialise
                0x08001f3c       0x40 ..\obj\list.o
                0x08001f3c                vListInitialise
 .text.vListInitialiseItem
                0x08001f7c       0x1a ..\obj\list.o
                0x08001f7c                vListInitialiseItem
 .text.vListInsert
                0x08001f96       0x72 ..\obj\list.o
                0x08001f96                vListInsert
 .text.uxListRemove
                0x08002008       0x54 ..\obj\list.o
                0x08002008                uxListRemove
 .text.xQueueGenericReset
                0x0800205c      0x11c ..\obj\queue.o
                0x0800205c                xQueueGenericReset
 .text.xQueueGenericCreate
                0x08002178       0x9a ..\obj\queue.o
                0x08002178                xQueueGenericCreate
 .text.prvInitialiseNewQueue
                0x08002212       0x3e ..\obj\queue.o
 .text.xQueueReceive
                0x08002250      0x1b8 ..\obj\queue.o
                0x08002250                xQueueReceive
 .text.prvCopyDataFromQueue
                0x08002408       0x4c ..\obj\queue.o
 .text.prvUnlockQueue
                0x08002454       0xa4 ..\obj\queue.o
 .text.prvIsQueueEmpty
                0x080024f8       0x2c ..\obj\queue.o
 .text.vQueueWaitForMessageRestricted
                0x08002524       0x68 ..\obj\queue.o
                0x08002524                vQueueWaitForMessageRestricted
 .text.pxPortInitialiseStack
                0x0800258c       0x68 ..\obj\port.o
                0x0800258c                pxPortInitialiseStack
 .text.prvTaskExitError
                0x080025f4       0x54 ..\obj\port.o
 *fill*         0x08002648        0x8 
 .text.SVC_Handler
                0x08002650       0x28 ..\obj\port.o
                0x08002650                SVC_Handler
 .text.prvPortStartFirstTask
                0x08002678       0x2c ..\obj\port.o
 .text.xPortStartScheduler
                0x080026a4      0x1c8 ..\obj\port.o
                0x080026a4                xPortStartScheduler
 .text.vPortEnterCritical
                0x0800286c       0x5c ..\obj\port.o
                0x0800286c                vPortEnterCritical
 .text.vPortExitCritical
                0x080028c8       0x50 ..\obj\port.o
                0x080028c8                vPortExitCritical
 *fill*         0x08002918        0x8 
 .text.PendSV_Handler
                0x08002920       0x68 ..\obj\port.o
                0x08002920                PendSV_Handler
 .text.SysTick_Handler
                0x08002988       0x40 ..\obj\port.o
                0x08002988                SysTick_Handler
 .text.vPortSetupTimerInterrupt
                0x080029c8       0x48 ..\obj\port.o
                0x080029c8                vPortSetupTimerInterrupt
 .text.vPortEnableVFP
                0x08002a10       0x18 ..\obj\port.o
 .text          0x08002a28      0x134 c:/program files (x86)/gnu tools arm embedded/8 2018-q4-major/bin/../lib/gcc/arm-none-eabi/8.2.1/../../../../arm-none-eabi/lib/thumb/v7e-m+fp/softfp\libc.a(lib_a-memcpy.o)
                0x08002a28                memcpy
 .text.memset   0x08002b5c       0xa0 c:/program files (x86)/gnu tools arm embedded/8 2018-q4-major/bin/../lib/gcc/arm-none-eabi/8.2.1/../../../../arm-none-eabi/lib/thumb/v7e-m+fp/softfp\libc.a(lib_a-memset.o)
                0x08002b5c                memset
 *(.init)
 *(.fini)
 *crtbegin.o(.ctors)
 *crtbegin?.o(.ctors)
 *(EXCLUDE_FILE(*crtend.o *crtend?.o) .ctors)
 *(SORT_BY_NAME(.ctors.*))
 *(.ctors)
 *crtbegin.o(.dtors)
 *crtbegin?.o(.dtors)
 *(EXCLUDE_FILE(*crtend.o *crtend?.o) .dtors)
 *(SORT_BY_NAME(.dtors.*))
 *(.dtors)
 *(.rodata*)
 .rodata        0x08002bfc       0x2d ..\obj\main.o
 *fill*         0x08002c29        0x3 
 .rodata        0x08002c2c        0x8 ..\obj\timers.o
 .rodata        0x08002c34        0x5 ..\obj\tasks.o
 *(.eh_fram e*)

.glue_7         0x08002c3c        0x0
 .glue_7        0x08002c3c        0x0 linker stubs

.glue_7t        0x08002c3c        0x0
 .glue_7t       0x08002c3c        0x0 linker stubs

.vfp11_veneer   0x08002c3c        0x0
 .vfp11_veneer  0x08002c3c        0x0 linker stubs

.v4_bx          0x08002c3c        0x0
 .v4_bx         0x08002c3c        0x0 linker stubs

.iplt           0x08002c3c        0x0
 .iplt          0x08002c3c        0x0 ..\obj\heap_4.o

.rel.dyn        0x08002c3c        0x0
 .rel.iplt      0x08002c3c        0x0 ..\obj\heap_4.o

.ARM.extab
 *(.ARM.extab* .gnu.linkonce.armextab.*)
                0x08002c3c                __exidx_start = .

.ARM.exidx
 *(.ARM.exidx* .gnu.linkonce.armexidx.*)
                0x08002c3c                __exidx_end = .
                0x08002c3c                __etext = .
                0x08002c39                _sidata = __etext

.data           0x20000000       0x1c load address 0x08002c39
                0x20000000                __data_start__ = .
                0x20000000                _sdata = __data_start__
 *(vtable)
 *(.data*)
 .data          0x20000000        0x4 ..\obj\tasks.o
 .data          0x20000004       0x14 ..\obj\system_stm32f4xx.o
                0x20000004                SystemCoreClock
                0x20000008                AHBPrescTable
 .data          0x20000018        0x4 ..\obj\port.o
                0x2000001c                . = ALIGN (0x4)
                [!provide]                PROVIDE (__preinit_array_start = .)
 *(.preinit_array)
                [!provide]                PROVIDE (__preinit_array_end = .)
                0x2000001c                . = ALIGN (0x4)
                [!provide]                PROVIDE (__init_array_start = .)
 *(SORT_BY_NAME(.init_array.*))
 *(.init_array)
                [!provide]                PROVIDE (__init_array_end = .)
                0x2000001c                . = ALIGN (0x4)
                [!provide]                PROVIDE (__fini_array_start = .)
 *(SORT_BY_NAME(.fini_array.*))
 *(.fini_array)
                [!provide]                PROVIDE (__fini_array_end = .)
 *(.jcr*)
                0x2000001c                . = ALIGN (0x4)
                0x2000001c                __data_end__ = .
                0x2000001c                _edata = __data_end__

.igot.plt       0x2000001c        0x0 load address 0x08002c58
 .igot.plt      0x2000001c        0x0 ..\obj\heap_4.o

.bss            0x2000001c    0x12d64 load address 0x08002c58
                0x2000001c                . = ALIGN (0x4)
                0x2000001c                __bss_start__ = .
                0x2000001c                _sbss = __bss_start__
 *(.bss*)
 .bss           0x2000001c    0x12c1c ..\obj\heap_4.o
 .bss           0x20012c38       0x3c ..\obj\timers.o
 .bss           0x20012c74      0x104 ..\obj\tasks.o
                0x20012c74                pxCurrentTCB
 .bss           0x20012d78        0x8 ..\obj\port.o
 *(COMMON)
                0x20012d80                . = ALIGN (0x4)
                0x20012d80                __bss_end__ = .
                0x20012d80                _ebss = __bss_end__

.heap           0x20012d80        0x0
                0x20012d80                __end__ = .
                0x20012d80                _end = __end__
                0x20012d80                end = __end__
 *(.heap*)
                0x20012d80                __HeapLimit = .

.co_stack       0x20012d80      0x800 load address 0x080159bc
                0x20012d80                . = ALIGN (0x8)
 *(.co_stack .co_stack.*)
 .co_stack      0x20012d80      0x800 ..\obj\startup_stm32f4xx.o
                0x20012d80                pulStack
                0x20020000                __StackTop = (ORIGIN (ram) + LENGTH (ram))
                0x2001f800                __StackLimit = (__StackTop - SIZEOF (.co_stack))
                [!provide]                PROVIDE (__stack = __StackTop)
                0x00000001                ASSERT ((__StackLimit >= __HeapLimit), region ram  overflowed with stack)
LOAD ..\obj\heap_4.o
LOAD ..\obj\stm32f4xx_syscfg.o
LOAD ..\obj\stm32f4xx_usart.o
LOAD ..\obj\startup_stm32f4xx.o
LOAD ..\obj\main.o
LOAD ..\obj\stm32f4xx_rcc.o
LOAD ..\obj\timers.o
LOAD ..\obj\tasks.o
LOAD ..\obj\stm32f4xx_gpio.o
LOAD ..\obj\list.o
LOAD ..\obj\system_stm32f4xx.o
LOAD ..\obj\syscalls.o
LOAD ..\obj\queue.o
LOAD ..\obj\port.o
LOAD ..\obj\stream_buffer.o
LOAD ..\obj\croutine.o
LOAD ..\obj\event_groups.o
LOAD ..\obj\stm32f4xx_exti.o
LOAD ..\obj\stm32f4xx_tim.o
LOAD c:/program files (x86)/gnu tools arm embedded/8 2018-q4-major/bin/../lib/gcc/arm-none-eabi/8.2.1/../../../../arm-none-eabi/lib/thumb/v7e-m+fp/softfp\libm.a
LOAD c:/program files (x86)/gnu tools arm embedded/8 2018-q4-major/bin/../lib/gcc/arm-none-eabi/8.2.1/thumb/v7e-m+fp/softfp\libgcc.a
LOAD c:/program files (x86)/gnu tools arm embedded/8 2018-q4-major/bin/../lib/gcc/arm-none-eabi/8.2.1/../../../../arm-none-eabi/lib/thumb/v7e-m+fp/softfp\libc.a
START GROUP
LOAD c:/program files (x86)/gnu tools arm embedded/8 2018-q4-major/bin/../lib/gcc/arm-none-eabi/8.2.1/thumb/v7e-m+fp/softfp\libgcc.a
LOAD c:/program files (x86)/gnu tools arm embedded/8 2018-q4-major/bin/../lib/gcc/arm-none-eabi/8.2.1/../../../../arm-none-eabi/lib/thumb/v7e-m+fp/softfp\libg.a
LOAD c:/program files (x86)/gnu tools arm embedded/8 2018-q4-major/bin/../lib/gcc/arm-none-eabi/8.2.1/../../../../arm-none-eabi/lib/thumb/v7e-m+fp/softfp\libc.a
END GROUP
OUTPUT(FreeRTOS.elf elf32-littlearm)

.debug_info     0x00000000     0xa532
 .debug_info    0x00000000      0xed9 ..\obj\heap_4.o
 .debug_info    0x00000ed9      0x11f ..\obj\startup_stm32f4xx.o
 .debug_info    0x00000ff8      0x4b5 ..\obj\main.o
 .debug_info    0x000014ad      0xd26 ..\obj\stm32f4xx_rcc.o
 .debug_info    0x000021d3     0x165f ..\obj\timers.o
 .debug_info    0x00003832     0x2eb0 ..\obj\tasks.o
 .debug_info    0x000066e2      0x67c ..\obj\stm32f4xx_gpio.o
 .debug_info    0x00006d5e      0xb79 ..\obj\list.o
 .debug_info    0x000078d7      0x624 ..\obj\system_stm32f4xx.o
 .debug_info    0x00007efb     0x2018 ..\obj\queue.o
 .debug_info    0x00009f13      0x61f ..\obj\port.o

.debug_abbrev   0x00000000     0x1a22
 .debug_abbrev  0x00000000      0x335 ..\obj\heap_4.o
 .debug_abbrev  0x00000335       0xcd ..\obj\startup_stm32f4xx.o
 .debug_abbrev  0x00000402      0x20d ..\obj\main.o
 .debug_abbrev  0x0000060f      0x226 ..\obj\stm32f4xx_rcc.o
 .debug_abbrev  0x00000835      0x338 ..\obj\timers.o
 .debug_abbrev  0x00000b6d      0x3da ..\obj\tasks.o
 .debug_abbrev  0x00000f47      0x1e6 ..\obj\stm32f4xx_gpio.o
 .debug_abbrev  0x0000112d      0x22b ..\obj\list.o
 .debug_abbrev  0x00001358      0x178 ..\obj\system_stm32f4xx.o
 .debug_abbrev  0x000014d0      0x32e ..\obj\queue.o
 .debug_abbrev  0x000017fe      0x224 ..\obj\port.o

.debug_aranges  0x00000000      0x7d8
 .debug_aranges
                0x00000000       0x68 ..\obj\heap_4.o
 .debug_aranges
                0x00000068       0x28 ..\obj\startup_stm32f4xx.o
 .debug_aranges
                0x00000090       0x70 ..\obj\main.o
 .debug_aranges
                0x00000100      0x178 ..\obj\stm32f4xx_rcc.o
 .debug_aranges
                0x00000278       0xe8 ..\obj\timers.o
 .debug_aranges
                0x00000360      0x1f0 ..\obj\tasks.o
 .debug_aranges
                0x00000550       0x88 ..\obj\stm32f4xx_gpio.o
 .debug_aranges
                0x000005d8       0x40 ..\obj\list.o
 .debug_aranges
                0x00000618       0x30 ..\obj\system_stm32f4xx.o
 .debug_aranges
                0x00000648      0x110 ..\obj\queue.o
 .debug_aranges
                0x00000758       0x80 ..\obj\port.o

.debug_ranges   0x00000000      0x748
 .debug_ranges  0x00000000       0x58 ..\obj\heap_4.o
 .debug_ranges  0x00000058       0x18 ..\obj\startup_stm32f4xx.o
 .debug_ranges  0x00000070       0x60 ..\obj\main.o
 .debug_ranges  0x000000d0      0x168 ..\obj\stm32f4xx_rcc.o
 .debug_ranges  0x00000238       0xd8 ..\obj\timers.o
 .debug_ranges  0x00000310      0x200 ..\obj\tasks.o
 .debug_ranges  0x00000510       0x78 ..\obj\stm32f4xx_gpio.o
 .debug_ranges  0x00000588       0x30 ..\obj\list.o
 .debug_ranges  0x000005b8       0x20 ..\obj\system_stm32f4xx.o
 .debug_ranges  0x000005d8      0x100 ..\obj\queue.o
 .debug_ranges  0x000006d8       0x70 ..\obj\port.o

.debug_line     0x00000000     0x5be0
 .debug_line    0x00000000      0x790 ..\obj\heap_4.o
 .debug_line    0x00000790       0xab ..\obj\startup_stm32f4xx.o
 .debug_line    0x0000083b      0x3f3 ..\obj\main.o
 .debug_line    0x00000c2e      0x945 ..\obj\stm32f4xx_rcc.o
 .debug_line    0x00001573      0x977 ..\obj\timers.o
 .debug_line    0x00001eea     0x1ac5 ..\obj\tasks.o
 .debug_line    0x000039af      0x4d8 ..\obj\stm32f4xx_gpio.o
 .debug_line    0x00003e87      0x3ce ..\obj\list.o
 .debug_line    0x00004255      0x2f5 ..\obj\system_stm32f4xx.o
 .debug_line    0x0000454a     0x114b ..\obj\queue.o
 .debug_line    0x00005695      0x54b ..\obj\port.o

.debug_str      0x00000000     0x2f1e
 .debug_str     0x00000000      0x863 ..\obj\heap_4.o
                                0x8dd (size before relaxing)
 .debug_str     0x00000863       0xb0 ..\obj\startup_stm32f4xx.o
                                0x1a3 (size before relaxing)
 .debug_str     0x00000913      0x2c6 ..\obj\main.o
                                0x483 (size before relaxing)
 .debug_str     0x00000bd9      0x693 ..\obj\stm32f4xx_rcc.o
                                0x89d (size before relaxing)
 .debug_str     0x0000126c      0x565 ..\obj\timers.o
                                0xbb7 (size before relaxing)
 .debug_str     0x000017d1      0xcb1 ..\obj\tasks.o
                               0x13b3 (size before relaxing)
 .debug_str     0x00002482      0x191 ..\obj\stm32f4xx_gpio.o
                                0x4f0 (size before relaxing)
 .debug_str     0x00002613       0xaf ..\obj\list.o
                                0x6df (size before relaxing)
 .debug_str     0x000026c2       0xf6 ..\obj\system_stm32f4xx.o
                                0x3e7 (size before relaxing)
 .debug_str     0x000027b8      0x52d ..\obj\queue.o
                                0xce9 (size before relaxing)
 .debug_str     0x00002ce5      0x239 ..\obj\port.o
                                0x462 (size before relaxing)

.comment        0x00000000       0x75
 .comment       0x00000000       0x75 ..\obj\heap_4.o
                                 0x76 (size before relaxing)
 .comment       0x00000075       0x76 ..\obj\startup_stm32f4xx.o
 .comment       0x00000075       0x76 ..\obj\main.o
 .comment       0x00000075       0x76 ..\obj\stm32f4xx_rcc.o
 .comment       0x00000075       0x76 ..\obj\timers.o
 .comment       0x00000075       0x76 ..\obj\tasks.o
 .comment       0x00000075       0x76 ..\obj\stm32f4xx_gpio.o
 .comment       0x00000075       0x76 ..\obj\list.o
 .comment       0x00000075       0x76 ..\obj\system_stm32f4xx.o
 .comment       0x00000075       0x76 ..\obj\queue.o
 .comment       0x00000075       0x76 ..\obj\port.o

.ARM.attributes
                0x00000000       0x30
 .ARM.attributes
                0x00000000       0x32 ..\obj\heap_4.o
 .ARM.attributes
                0x00000032       0x32 ..\obj\startup_stm32f4xx.o
 .ARM.attributes
                0x00000064       0x32 ..\obj\main.o
 .ARM.attributes
                0x00000096       0x32 ..\obj\stm32f4xx_rcc.o
 .ARM.attributes
                0x000000c8       0x32 ..\obj\timers.o
 .ARM.attributes
                0x000000fa       0x32 ..\obj\tasks.o
 .ARM.attributes
                0x0000012c       0x32 ..\obj\stm32f4xx_gpio.o
 .ARM.attributes
                0x0000015e       0x32 ..\obj\list.o
 .ARM.attributes
                0x00000190       0x32 ..\obj\system_stm32f4xx.o
 .ARM.attributes
                0x000001c2       0x32 ..\obj\queue.o
 .ARM.attributes
                0x000001f4       0x32 ..\obj\port.o
 .ARM.attributes
                0x00000226       0x1c c:/program files (x86)/gnu tools arm embedded/8 2018-q4-major/bin/../lib/gcc/arm-none-eabi/8.2.1/../../../../arm-none-eabi/lib/thumb/v7e-m+fp/softfp\libc.a(lib_a-memcpy.o)
 .ARM.attributes
                0x00000242       0x32 c:/program files (x86)/gnu tools arm embedded/8 2018-q4-major/bin/../lib/gcc/arm-none-eabi/8.2.1/../../../../arm-none-eabi/lib/thumb/v7e-m+fp/softfp\libc.a(lib_a-memset.o)

.debug_frame    0x00000000     0x2048
 .debug_frame   0x00000000      0x174 ..\obj\heap_4.o
 .debug_frame   0x00000174       0x4c ..\obj\startup_stm32f4xx.o
 .debug_frame   0x000001c0      0x178 ..\obj\main.o
 .debug_frame   0x00000338      0x6d4 ..\obj\stm32f4xx_rcc.o
 .debug_frame   0x00000a0c      0x3bc ..\obj\timers.o
 .debug_frame   0x00000dc8      0x880 ..\obj\tasks.o
 .debug_frame   0x00001648      0x23c ..\obj\stm32f4xx_gpio.o
 .debug_frame   0x00001884       0xd8 ..\obj\list.o
 .debug_frame   0x0000195c       0x7c ..\obj\system_stm32f4xx.o
 .debug_frame   0x000019d8      0x490 ..\obj\queue.o
 .debug_frame   0x00001e68      0x1a8 ..\obj\port.o
 .debug_frame   0x00002010       0x38 c:/program files (x86)/gnu tools arm embedded/8 2018-q4-major/bin/../lib/gcc/arm-none-eabi/8.2.1/../../../../arm-none-eabi/lib/thumb/v7e-m+fp/softfp\libc.a(lib_a-memset.o)
